Traceback (most recent call last):
  File "<frozen runpy>", line 198, in _run_module_as_main
  File "<frozen runpy>", line 88, in _run_code
  File "/home/liorshtram/projects/leaders-db/src/leaders_db/conversational_evidence/hybrid_experiment/cli.py", line 50, in <module>
    main()
  File "/home/liorshtram/projects/leaders-db/src/leaders_db/conversational_evidence/hybrid_experiment/cli.py", line 27, in main
    result = run_experiment(
             ^^^^^^^^^^^^^^^
  File "/home/liorshtram/projects/leaders-db/src/leaders_db/conversational_evidence/hybrid_experiment/runner.py", line 66, in run_experiment
    guides = _run_research(
             ^^^^^^^^^^^^^^
  File "/home/liorshtram/projects/leaders-db/src/leaders_db/conversational_evidence/hybrid_experiment/runner.py", line 228, in _run_research
    note = researcher.ask(prompt)
           ^^^^^^^^^^^^^^^^^^^^^^
  File "/home/liorshtram/projects/leaders-db/src/leaders_db/conversational_evidence/researcher.py", line 51, in ask
    result = subprocess.run(
             ^^^^^^^^^^^^^^^
  File "/home/liorshtram/.local/share/uv/python/cpython-3.11.15-linux-x86_64-gnu/lib/python3.11/subprocess.py", line 550, in run
    stdout, stderr = process.communicate(input, timeout=timeout)
                     ^^^^^^^^^^^^^^^^^^^^^^^^^^^^^^^^^^^^^^^^^^^
  File "/home/liorshtram/.local/share/uv/python/cpython-3.11.15-linux-x86_64-gnu/lib/python3.11/subprocess.py", line 1209, in communicate
    stdout, stderr = self._communicate(input, endtime, timeout)
                     ^^^^^^^^^^^^^^^^^^^^^^^^^^^^^^^^^^^^^^^^^^
  File "/home/liorshtram/.local/share/uv/python/cpython-3.11.15-linux-x86_64-gnu/lib/python3.11/subprocess.py", line 2115, in _communicate
    ready = selector.select(timeout)
            ^^^^^^^^^^^^^^^^^^^^^^^^
  File "/home/liorshtram/.local/share/uv/python/cpython-3.11.15-linux-x86_64-gnu/lib/python3.11/selectors.py", line 415, in select
    fd_event_list = self._selector.poll(timeout)
                    ^^^^^^^^^^^^^^^^^^^^^^^^^^^^
KeyboardInterrupt
